{
    "Params: karyotype in samplesheet": {
        "content": [
            19,
            {
                "BCFTOOLS_SORT": {
                    "bcftools": 1.22
                },
                "PBMM2_ALIGN": {
                    "pbmm2": "1.14.99"
                },
                "SAMTOOLS_INDEX": {
                    "samtools": "1.23.1"
                },
                "SAMTOOLS_INDEX_TRGT": {
                    "samtools": "1.23.1"
                },
                "SAMTOOLS_SORT": {
                    "samtools": "1.23.1"
                },
                "SAMTOOLS_SORT_TRGT": {
                    "samtools": "1.23.1"
                },
                "TRGT_GENOTYPE": {
                    "trgt": "5.0.0-e9acee0"
                },
                "TRGT_PLOT": {
                    "trgt": "5.0.0-e9acee0"
                },
                "Workflow": {
                    "nf-core/pacvar": "v1.1.0"
                }
            },
            [
                "bcftools",
                "bcftools/sample1.sorted.vcf.gz",
                "bcftools/sample1.sorted.vcf.gz.csi",
                "bcftools/sample2.sorted.vcf.gz",
                "bcftools/sample2.sorted.vcf.gz.csi",
                "multiqc",
                "multiqc/multiqc_data",
                "multiqc/multiqc_data/llms-full.txt",
                "multiqc/multiqc_data/multiqc.log",
                "multiqc/multiqc_data/multiqc.parquet",
                "multiqc/multiqc_data/multiqc_citations.txt",
                "multiqc/multiqc_data/multiqc_data.json",
                "multiqc/multiqc_data/multiqc_software_versions.txt",
                "multiqc/multiqc_data/multiqc_sources.txt",
                "multiqc/multiqc_report.html",
                "pbmm2",
                "pbmm2/sample1_hifi.aligned.bam",
                "pbmm2/sample2_hifi.aligned.bam",
                "pipeline_info",
                "pipeline_info/nf_core_pipeline_software_mqc_versions.yml",
                "samtools",
                "samtools/sample1.sorted.bam",
                "samtools/sample1.sorted.bam.bai",
                "samtools/sample1.trgt.sorted.bam",
                "samtools/sample1.trgt.sorted.bam.bai",
                "samtools/sample2.sorted.bam",
                "samtools/sample2.sorted.bam.bai",
                "samtools/sample2.trgt.sorted.bam",
                "samtools/sample2.trgt.sorted.bam.bai",
                "trgt",
                "trgt/sample1.spanning.bam",
                "trgt/sample1.vcf.gz",
                "trgt/sample1_C9ORF72_meth.png",
                "trgt/sample1_C9ORF72_motifs.png",
                "trgt/sample2.spanning.bam",
                "trgt/sample2.vcf.gz",
                "trgt/sample2_C9ORF72_meth.png",
                "trgt/sample2_C9ORF72_motifs.png"
            ],
            [
                "multiqc_citations.txt:md5,4c806e63a283ec1b7e78cdae3a923d4f"
            ],
            [
                [
                    "sample1_hifi.aligned.bam",
                    {
                        "maxReadLength": 29253,
                        "minReadLength": 2862,
                        "meanReadLength": 4161,
                        "maxQuality": 60,
                        "minQuality": 60,
                        "meanQuality": 60,
                        "readCount": 564,
                        "duplicateReadCount": 0
                    }
                ],
                [
                    "sample2_hifi.aligned.bam",
                    {
                        "maxReadLength": 29253,
                        "minReadLength": 2862,
                        "meanReadLength": 4161,
                        "maxQuality": 60,
                        "minQuality": 60,
                        "meanQuality": 60,
                        "readCount": 564,
                        "duplicateReadCount": 0
                    }
                ],
                [
                    "sample1.sorted.bam",
                    {
                        "maxReadLength": 29253,
                        "minReadLength": 2862,
                        "meanReadLength": 4161,
                        "maxQuality": 60,
                        "minQuality": 60,
                        "meanQuality": 60,
                        "readCount": 564,
                        "duplicateReadCount": 0
                    }
                ],
                [
                    "sample1.trgt.sorted.bam",
                    {
                        "maxReadLength": 7642,
                        "minReadLength": 100,
                        "meanReadLength": 614,
                        "maxQuality": 60,
                        "minQuality": 60,
                        "meanQuality": 60,
                        "readCount": 250,
                        "duplicateReadCount": 0
                    }
                ],
                [
                    "sample2.sorted.bam",
                    {
                        "maxReadLength": 29253,
                        "minReadLength": 2862,
                        "meanReadLength": 4161,
                        "maxQuality": 60,
                        "minQuality": 60,
                        "meanQuality": 60,
                        "readCount": 564,
                        "duplicateReadCount": 0
                    }
                ],
                [
                    "sample2.trgt.sorted.bam",
                    {
                        "maxReadLength": 7642,
                        "minReadLength": 100,
                        "meanReadLength": 614,
                        "maxQuality": 60,
                        "minQuality": 60,
                        "meanQuality": 60,
                        "readCount": 250,
                        "duplicateReadCount": 0
                    }
                ],
                [
                    "sample1.spanning.bam",
                    {
                        "maxReadLength": 7642,
                        "minReadLength": 100,
                        "meanReadLength": 614,
                        "maxQuality": 60,
                        "minQuality": 60,
                        "meanQuality": 60,
                        "readCount": 250,
                        "duplicateReadCount": 0
                    }
                ],
                [
                    "sample2.spanning.bam",
                    {
                        "maxReadLength": 7642,
                        "minReadLength": 100,
                        "meanReadLength": 614,
                        "maxQuality": 60,
                        "minQuality": 60,
                        "meanQuality": 60,
                        "readCount": 250,
                        "duplicateReadCount": 0
                    }
                ]
            ],
            [
                [
                    "sample1.sorted.vcf.gz",
                    1
                ],
                [
                    "sample2.sorted.vcf.gz",
                    1
                ],
                [
                    "sample1.vcf.gz",
                    1
                ],
                [
                    "sample2.vcf.gz",
                    1
                ]
            ]
        ],
        "timestamp": "2026-05-30T16:08:22.868097645",
        "meta": {
            "nf-test": "0.9.5",
            "nextflow": "25.10.4"
        }
    }
}