{
    "Provide fail bam via samplesheet (optional) and merge in case of repeat workflow": {
        "content": [
            21,
            {
                "BCFTOOLS_SORT": {
                    "bcftools": 1.22
                },
                "PBMM2_ALIGN": {
                    "pbmm2": "1.14.99"
                },
                "PBTK_PBMERGE": {
                    "pbbam": "3.1.1"
                },
                "SAMTOOLS_INDEX": {
                    "samtools": "1.22.1"
                },
                "SAMTOOLS_INDEX_TRGT": {
                    "samtools": "1.22.1"
                },
                "SAMTOOLS_SORT": {
                    "samtools": "1.22.1"
                },
                "SAMTOOLS_SORT_TRGT": {
                    "samtools": "1.22.1"
                },
                "TRGT_GENOTYPE": {
                    "trgt": "5.0.0-e9acee0"
                },
                "TRGT_PLOT": {
                    "trgt": "5.0.0-e9acee0"
                },
                "Workflow": {
                    "nf-core/pacvar": "vdev"
                }
            },
            [
                "bcftools",
                "bcftools/sample1.sorted.vcf.gz",
                "bcftools/sample1.sorted.vcf.gz.csi",
                "bcftools/sample2.sorted.vcf.gz",
                "bcftools/sample2.sorted.vcf.gz.csi",
                "multiqc",
                "multiqc/multiqc_data",
                "multiqc/multiqc_data/llms-full.txt",
                "multiqc/multiqc_data/multiqc.log",
                "multiqc/multiqc_data/multiqc.parquet",
                "multiqc/multiqc_data/multiqc_citations.txt",
                "multiqc/multiqc_data/multiqc_data.json",
                "multiqc/multiqc_data/multiqc_software_versions.txt",
                "multiqc/multiqc_data/multiqc_sources.txt",
                "multiqc/multiqc_report.html",
                "pbmm2",
                "pbmm2/sample1_fail.aligned.bam",
                "pbmm2/sample1_hifi.aligned.bam",
                "pbmm2/sample2_hifi.aligned.bam",
                "pbtk",
                "pbtk/sample1.merged.bam",
                "pbtk/sample1.merged.bam.pbi",
                "pipeline_info",
                "pipeline_info/nf_core_pipeline_software_mqc_versions.yml",
                "samtools",
                "samtools/sample1.sorted.bam",
                "samtools/sample1.sorted.bam.bai",
                "samtools/sample1.trgt.sorted.bam",
                "samtools/sample1.trgt.sorted.bam.bai",
                "samtools/sample2.sorted.bam",
                "samtools/sample2.sorted.bam.bai",
                "samtools/sample2.trgt.sorted.bam",
                "samtools/sample2.trgt.sorted.bam.bai",
                "trgt",
                "trgt/sample1.spanning.bam",
                "trgt/sample1.vcf.gz",
                "trgt/sample1_C9ORF72_meth.png",
                "trgt/sample1_C9ORF72_motifs.png",
                "trgt/sample2.spanning.bam",
                "trgt/sample2.vcf.gz",
                "trgt/sample2_C9ORF72_meth.png",
                "trgt/sample2_C9ORF72_motifs.png"
            ],
            [
                "multiqc_citations.txt:md5,4c806e63a283ec1b7e78cdae3a923d4f",
                "sample1.merged.bam:md5,0d99dce9f71fbd4dc1e1b8002d21266e",
                "sample1.merged.bam.pbi:md5,35eefe5de049ea43cf7a801aebe0305a"
            ],
            [
                [
                    "sample1_fail.aligned.bam",
                    {
                        "maxReadLength": 6054,
                        "minReadLength": 3386,
                        "meanReadLength": 3979,
                        "maxQuality": 60,
                        "minQuality": 16,
                        "meanQuality": 58,
                        "readCount": 24,
                        "duplicateReadCount": 0
                    }
                ],
                [
                    "sample1_hifi.aligned.bam",
                    {
                        "maxReadLength": 31694,
                        "minReadLength": 2617,
                        "meanReadLength": 3971,
                        "maxQuality": 60,
                        "minQuality": 60,
                        "meanQuality": 60,
                        "readCount": 92,
                        "duplicateReadCount": 0
                    }
                ],
                [
                    "sample2_hifi.aligned.bam",
                    {
                        "maxReadLength": 3685,
                        "minReadLength": 3610,
                        "meanReadLength": 3677,
                        "maxQuality": 60,
                        "minQuality": 60,
                        "meanQuality": 60,
                        "readCount": 92,
                        "duplicateReadCount": 0
                    }
                ],
                [
                    "sample1.merged.bam",
                    {
                        "maxReadLength": 31694,
                        "minReadLength": 2617,
                        "meanReadLength": 3973,
                        "maxQuality": 60,
                        "minQuality": 16,
                        "meanQuality": 59,
                        "readCount": 116,
                        "duplicateReadCount": 0
                    }
                ],
                [
                    "sample1.sorted.bam",
                    {
                        "maxReadLength": 31694,
                        "minReadLength": 2617,
                        "meanReadLength": 3973,
                        "maxQuality": 60,
                        "minQuality": 16,
                        "meanQuality": 59,
                        "readCount": 116,
                        "duplicateReadCount": 0
                    }
                ],
                [
                    "sample1.trgt.sorted.bam",
                    {
                        "maxReadLength": 111,
                        "minReadLength": 110,
                        "meanReadLength": 110,
                        "maxQuality": 60,
                        "minQuality": 60,
                        "meanQuality": 60,
                        "readCount": 95,
                        "duplicateReadCount": 0
                    }
                ],
                [
                    "sample2.sorted.bam",
                    {
                        "maxReadLength": 3685,
                        "minReadLength": 3610,
                        "meanReadLength": 3677,
                        "maxQuality": 60,
                        "minQuality": 60,
                        "meanQuality": 60,
                        "readCount": 92,
                        "duplicateReadCount": 0
                    }
                ],
                [
                    "sample2.trgt.sorted.bam",
                    {
                        "maxReadLength": 112,
                        "minReadLength": 111,
                        "meanReadLength": 111,
                        "maxQuality": 60,
                        "minQuality": 60,
                        "meanQuality": 60,
                        "readCount": 92,
                        "duplicateReadCount": 0
                    }
                ],
                [
                    "sample1.spanning.bam",
                    {
                        "maxReadLength": 111,
                        "minReadLength": 110,
                        "meanReadLength": 110,
                        "maxQuality": 60,
                        "minQuality": 60,
                        "meanQuality": 60,
                        "readCount": 95,
                        "duplicateReadCount": 0
                    }
                ],
                [
                    "sample2.spanning.bam",
                    {
                        "maxReadLength": 112,
                        "minReadLength": 111,
                        "meanReadLength": 111,
                        "maxQuality": 60,
                        "minQuality": 60,
                        "meanQuality": 60,
                        "readCount": 92,
                        "duplicateReadCount": 0
                    }
                ]
            ],
            [
                [
                    "sample1.sorted.vcf.gz",
                    1
                ],
                [
                    "sample2.sorted.vcf.gz",
                    1
                ],
                [
                    "sample1.vcf.gz",
                    1
                ],
                [
                    "sample2.vcf.gz",
                    1
                ]
            ]
        ],
        "meta": {
            "nf-test": "0.9.2",
            "nextflow": "25.10.2"
        },
        "timestamp": "2026-01-20T16:38:58.560548282"
    }
}