{
    "Params: single repeat_id": {
        "content": [
            19,
            {
                "BCFTOOLS_SORT": {
                    "bcftools": 1.2
                },
                "PBMM2_ALIGN": {
                    "pbmm2": "1.14.99"
                },
                "SAMTOOLS_INDEX": {
                    "samtools": 1.21
                },
                "SAMTOOLS_INDEX_TRGT": {
                    "samtools": 1.21
                },
                "SAMTOOLS_SORT": {
                    "samtools": 1.21
                },
                "SAMTOOLS_SORT_TRGT": {
                    "samtools": 1.21
                },
                "TRGT_GENOTYPE": {
                    "trgt": "1.2.0-9eda4dd"
                },
                "TRGT_PLOT": {
                    "trgt": "1.2.0-9eda4dd"
                },
                "Workflow": {
                    "nf-core/pacvar": "v1.0.1"
                }
            },
            [
                "bcftools",
                "bcftools/sample1.sorted.vcf.gz",
                "bcftools/sample1.sorted.vcf.gz.csi",
                "bcftools/sample2.sorted.vcf.gz",
                "bcftools/sample2.sorted.vcf.gz.csi",
                "multiqc",
                "multiqc/multiqc_data",
                "multiqc/multiqc_data/multiqc.log",
                "multiqc/multiqc_data/multiqc_citations.txt",
                "multiqc/multiqc_data/multiqc_data.json",
                "multiqc/multiqc_data/multiqc_software_versions.txt",
                "multiqc/multiqc_data/multiqc_sources.txt",
                "multiqc/multiqc_report.html",
                "pbmm2",
                "pbmm2/sample1.aligned.bam",
                "pbmm2/sample2.aligned.bam",
                "pipeline_info",
                "pipeline_info/nf_core_pipeline_software_mqc_versions.yml",
                "samtools",
                "samtools/sample1.sorted.bam",
                "samtools/sample1.sorted.bam.bai",
                "samtools/sample1.trgt.sorted.bam",
                "samtools/sample1.trgt.sorted.bam.bai",
                "samtools/sample2.sorted.bam",
                "samtools/sample2.sorted.bam.bai",
                "samtools/sample2.trgt.sorted.bam",
                "samtools/sample2.trgt.sorted.bam.bai",
                "trgt",
                "trgt/sample1.spanning.bam",
                "trgt/sample1.vcf.gz",
                "trgt/sample1_C9ORF72_meth.png",
                "trgt/sample1_C9ORF72_motifs.png",
                "trgt/sample1_DMPK_meth.png",
                "trgt/sample1_DMPK_motifs.png",
                "trgt/sample1_FMR1_meth.png",
                "trgt/sample1_FMR1_motifs.png",
                "trgt/sample1_HTT_meth.png",
                "trgt/sample1_HTT_motifs.png",
                "trgt/sample1_PABPN1_meth.png",
                "trgt/sample1_PABPN1_motifs.png",
                "trgt/sample2.spanning.bam",
                "trgt/sample2.vcf.gz",
                "trgt/sample2_C9ORF72_meth.png",
                "trgt/sample2_C9ORF72_motifs.png",
                "trgt/sample2_DMPK_meth.png",
                "trgt/sample2_DMPK_motifs.png",
                "trgt/sample2_FMR1_meth.png",
                "trgt/sample2_FMR1_motifs.png",
                "trgt/sample2_HTT_meth.png",
                "trgt/sample2_HTT_motifs.png",
                "trgt/sample2_PABPN1_meth.png",
                "trgt/sample2_PABPN1_motifs.png"
            ],
            [
                "sample1.sorted.vcf.gz:md5,5801cb8e0d736ab33f2e9332a7cb3870",
                "sample1.sorted.vcf.gz.csi:md5,98443ce2d36663d417e7b94d345a0896",
                "sample2.sorted.vcf.gz:md5,1b40ce2e80badfd0542f6868981d2b55",
                "sample2.sorted.vcf.gz.csi:md5,0a6901ae4538929625fbe40bde58a5f3",
                "multiqc_citations.txt:md5,4c806e63a283ec1b7e78cdae3a923d4f",
                "sample1.aligned.bam:md5,7bcbd8783203c7feb2feab0b7deb2ae0",
                "sample2.aligned.bam:md5,3a4f3bb03f0dca8931c8037a497436a7",
                "sample1.sorted.bam:md5,4b6f68903661fd8b4e76e0ebb56de460",
                "sample1.sorted.bam.bai:md5,528371dc836e1d6213e23a3283a2184f",
                "sample1.trgt.sorted.bam:md5,870be0f9094d44568827246ce5f16ff0",
                "sample1.trgt.sorted.bam.bai:md5,7825764ad0ad03f12d384fa2cab03cb2",
                "sample2.sorted.bam:md5,973fed9b32678c56bbc24910e86a3922",
                "sample2.sorted.bam.bai:md5,1c7f3efbe8d25a46b3b113148340661d",
                "sample2.trgt.sorted.bam:md5,bbd890bbd0195b10a813eece47e9681c",
                "sample2.trgt.sorted.bam.bai:md5,399cbc3c3d43096b93c2a6d151852b7d",
                "sample1.spanning.bam:md5,e815e87a69e0dbcb2ed1cedc34633708",
                "sample1.vcf.gz:md5,f809bf0df0b1aada27b7851e70e5106f",
                "sample2.spanning.bam:md5,2e7c3fbd087d889c8807b81f851f8002",
                "sample2.vcf.gz:md5,2b0bb8adbee096f204f72ca7bac75458"
            ],
            [
                [
                    "sample1.aligned.bam",
                    "8e6465021369bcd8de05aec3d795b637"
                ],
                [
                    "sample2.aligned.bam",
                    "196bee7ae880718b5cd8105cc7a774de"
                ],
                [
                    "sample1.sorted.bam",
                    "2e1599eba1e5d289456d666b27679086"
                ],
                [
                    "sample1.trgt.sorted.bam",
                    "80a77b4d8ee6b78636b22c56ab21d3e3"
                ],
                [
                    "sample2.sorted.bam",
                    "7fd3090c190e15c29f42c5a8b5719a25"
                ],
                [
                    "sample2.trgt.sorted.bam",
                    "df163604ab28d101a0f20352badd67e7"
                ],
                [
                    "sample1.spanning.bam",
                    "8679699837908f1964d211441a59e23d"
                ],
                [
                    "sample2.spanning.bam",
                    "b190dbf0e2bbaece58c9ee93f520f4a"
                ]
            ]
        ],
        "meta": {
            "nf-test": "0.9.3",
            "nextflow": "25.04.6"
        },
        "timestamp": "2025-12-04T10:27:05.411277712"
    }
}