{
    "Run LIMA, PBMM2, Sawfish, and HiPhase": {
        "content": [
            20,
            {
                "HIPHASE": {
                    "hiphase": "1.6.0-ac3f399"
                },
                "LIMA": {
                    "lima": "2.12.0"
                },
                "PBMM2_ALIGN": {
                    "pbmm2": "26.2.0"
                },
                "SAMTOOLS_INDEX": {
                    "samtools": "1.23.1"
                },
                "SAMTOOLS_SORT": {
                    "samtools": "1.23.1"
                },
                "SAWFISH_DISCOVER": {
                    "sawfish": "2.2.0"
                },
                "SAWFISH_JOINTCALL": {
                    "sawfish": "2.2.0"
                },
                "Workflow": {
                    "nf-core/pacvar": "v1.2.0dev"
                }
            },
            [
                "hiphase",
                "hiphase/sample1.bc2026--bc2026.blocks.csv",
                "hiphase/sample1.bc2026--bc2026.haplotag.csv",
                "hiphase/sample1.bc2026--bc2026.sorted_haplotagged.bam",
                "hiphase/sample1.bc2026--bc2026.sorted_haplotagged.bam.bai",
                "hiphase/sample1.bc2026--bc2026.stats.csv",
                "hiphase/sample1.bc2026--bc2026.summary.csv",
                "hiphase/sample1.bc2026--bc2026_sv_phased.vcf.gz",
                "hiphase/sample1.bc2026--bc2026_sv_phased.vcf.gz.tbi",
                "hiphase/sample1.bc2026--bc2058.blocks.csv",
                "hiphase/sample1.bc2026--bc2058.haplotag.csv",
                "hiphase/sample1.bc2026--bc2058.sorted_haplotagged.bam",
                "hiphase/sample1.bc2026--bc2058.sorted_haplotagged.bam.bai",
                "hiphase/sample1.bc2026--bc2058.stats.csv",
                "hiphase/sample1.bc2026--bc2058.summary.csv",
                "hiphase/sample1.bc2026--bc2058_sv_phased.vcf.gz",
                "hiphase/sample1.bc2026--bc2058_sv_phased.vcf.gz.tbi",
                "hiphase/sample1.bc2058--bc2058.blocks.csv",
                "hiphase/sample1.bc2058--bc2058.haplotag.csv",
                "hiphase/sample1.bc2058--bc2058.sorted_haplotagged.bam",
                "hiphase/sample1.bc2058--bc2058.sorted_haplotagged.bam.bai",
                "hiphase/sample1.bc2058--bc2058.stats.csv",
                "hiphase/sample1.bc2058--bc2058.summary.csv",
                "hiphase/sample1.bc2058--bc2058_sv_phased.vcf.gz",
                "hiphase/sample1.bc2058--bc2058_sv_phased.vcf.gz.tbi",
                "lima",
                "lima/sample1.bc2026--bc2026.bam",
                "lima/sample1.bc2026--bc2026.bam.pbi",
                "lima/sample1.bc2026--bc2026.consensusreadset.xml",
                "lima/sample1.bc2026--bc2058.bam",
                "lima/sample1.bc2026--bc2058.bam.pbi",
                "lima/sample1.bc2026--bc2058.consensusreadset.xml",
                "lima/sample1.bc2058--bc2058.bam",
                "lima/sample1.bc2058--bc2058.bam.pbi",
                "lima/sample1.bc2058--bc2058.consensusreadset.xml",
                "lima/sample1.consensusreadset.xml",
                "lima/sample1.json",
                "lima/sample1.lima.counts",
                "lima/sample1.lima.report",
                "lima/sample1.lima.summary",
                "multiqc",
                "multiqc/multiqc_data",
                "multiqc/multiqc_data/llms-full.txt",
                "multiqc/multiqc_data/multiqc.log",
                "multiqc/multiqc_data/multiqc.parquet",
                "multiqc/multiqc_data/multiqc_citations.txt",
                "multiqc/multiqc_data/multiqc_data.json",
                "multiqc/multiqc_data/multiqc_software_versions.txt",
                "multiqc/multiqc_data/multiqc_sources.txt",
                "multiqc/multiqc_report.html",
                "pbmm2",
                "pbmm2/sample1.bc2026--bc2026_hifi.aligned.bam",
                "pbmm2/sample1.bc2026--bc2058_hifi.aligned.bam",
                "pbmm2/sample1.bc2058--bc2058_hifi.aligned.bam",
                "pipeline_info",
                "pipeline_info/nf_core_pacvar_software_mqc_versions.yml",
                "samtools",
                "samtools/sample1.bc2026--bc2026.sorted.bam",
                "samtools/sample1.bc2026--bc2026.sorted.bam.bai",
                "samtools/sample1.bc2026--bc2058.sorted.bam",
                "samtools/sample1.bc2026--bc2058.sorted.bam.bai",
                "samtools/sample1.bc2058--bc2058.sorted.bam",
                "samtools/sample1.bc2058--bc2058.sorted.bam.bai",
                "sawfish",
                "sawfish/sample1.bc2026--bc2026",
                "sawfish/sample1.bc2026--bc2026/sample1.bc2026--bc2026_discovery",
                "sawfish/sample1.bc2026--bc2026/sample1.bc2026--bc2026_discovery/assembly.regions.bed",
                "sawfish/sample1.bc2026--bc2026/sample1.bc2026--bc2026_discovery/candidate.sv.bcf",
                "sawfish/sample1.bc2026--bc2026/sample1.bc2026--bc2026_discovery/candidate.sv.bcf.csi",
                "sawfish/sample1.bc2026--bc2026/sample1.bc2026--bc2026_discovery/contig.alignment.bam",
                "sawfish/sample1.bc2026--bc2026/sample1.bc2026--bc2026_discovery/contig.alignment.bam.csi",
                "sawfish/sample1.bc2026--bc2026/sample1.bc2026--bc2026_discovery/debug.breakpoint_clusters.bed",
                "sawfish/sample1.bc2026--bc2026/sample1.bc2026--bc2026_discovery/debug.cluster.refinement.txt",
                "sawfish/sample1.bc2026--bc2026/sample1.bc2026--bc2026_discovery/depth.mpack",
                "sawfish/sample1.bc2026--bc2026/sample1.bc2026--bc2026_discovery/discover.settings.json",
                "sawfish/sample1.bc2026--bc2026/sample1.bc2026--bc2026_discovery/max.depth.bed",
                "sawfish/sample1.bc2026--bc2026/sample1.bc2026--bc2026_discovery/run.data.json",
                "sawfish/sample1.bc2026--bc2026/sample1.bc2026--bc2026_discovery/run.stats.json",
                "sawfish/sample1.bc2026--bc2026/sample1.bc2026--bc2026_discovery/sawfish.log",
                "sawfish/sample1.bc2026--bc2026/sample1.bc2026--bc2026_jointcall",
                "sawfish/sample1.bc2026--bc2026/sample1.bc2026--bc2026_jointcall/contig.alignment.bam",
                "sawfish/sample1.bc2026--bc2026/sample1.bc2026--bc2026_jointcall/contig.alignment.bam.csi",
                "sawfish/sample1.bc2026--bc2026/sample1.bc2026--bc2026_jointcall/run.stats.json",
                "sawfish/sample1.bc2026--bc2026/sample1.bc2026--bc2026_jointcall/sample1.bc2026--bc2026_jointcall_genotyped.sv.vcf.gz",
                "sawfish/sample1.bc2026--bc2026/sample1.bc2026--bc2026_jointcall/sample1.bc2026--bc2026_jointcall_genotyped.sv.vcf.gz.tbi",
                "sawfish/sample1.bc2026--bc2026/sample1.bc2026--bc2026_jointcall/samples",
                "sawfish/sample1.bc2026--bc2026/sample1.bc2026--bc2026_jointcall/samples/sample0001_Bio Sample 1",
                "sawfish/sample1.bc2026--bc2026/sample1.bc2026--bc2026_jointcall/samples/sample0001_Bio Sample 1/depth.bw",
                "sawfish/sample1.bc2026--bc2026/sample1.bc2026--bc2026_jointcall/sawfish.log",
                "sawfish/sample1.bc2026--bc2058",
                "sawfish/sample1.bc2026--bc2058/sample1.bc2026--bc2058_discovery",
                "sawfish/sample1.bc2026--bc2058/sample1.bc2026--bc2058_discovery/assembly.regions.bed",
                "sawfish/sample1.bc2026--bc2058/sample1.bc2026--bc2058_discovery/candidate.sv.bcf",
                "sawfish/sample1.bc2026--bc2058/sample1.bc2026--bc2058_discovery/candidate.sv.bcf.csi",
                "sawfish/sample1.bc2026--bc2058/sample1.bc2026--bc2058_discovery/contig.alignment.bam",
                "sawfish/sample1.bc2026--bc2058/sample1.bc2026--bc2058_discovery/contig.alignment.bam.csi",
                "sawfish/sample1.bc2026--bc2058/sample1.bc2026--bc2058_discovery/debug.breakpoint_clusters.bed",
                "sawfish/sample1.bc2026--bc2058/sample1.bc2026--bc2058_discovery/debug.cluster.refinement.txt",
                "sawfish/sample1.bc2026--bc2058/sample1.bc2026--bc2058_discovery/depth.mpack",
                "sawfish/sample1.bc2026--bc2058/sample1.bc2026--bc2058_discovery/discover.settings.json",
                "sawfish/sample1.bc2026--bc2058/sample1.bc2026--bc2058_discovery/max.depth.bed",
                "sawfish/sample1.bc2026--bc2058/sample1.bc2026--bc2058_discovery/run.data.json",
                "sawfish/sample1.bc2026--bc2058/sample1.bc2026--bc2058_discovery/run.stats.json",
                "sawfish/sample1.bc2026--bc2058/sample1.bc2026--bc2058_discovery/sawfish.log",
                "sawfish/sample1.bc2026--bc2058/sample1.bc2026--bc2058_jointcall",
                "sawfish/sample1.bc2026--bc2058/sample1.bc2026--bc2058_jointcall/contig.alignment.bam",
                "sawfish/sample1.bc2026--bc2058/sample1.bc2026--bc2058_jointcall/contig.alignment.bam.csi",
                "sawfish/sample1.bc2026--bc2058/sample1.bc2026--bc2058_jointcall/run.stats.json",
                "sawfish/sample1.bc2026--bc2058/sample1.bc2026--bc2058_jointcall/sample1.bc2026--bc2058_jointcall_genotyped.sv.vcf.gz",
                "sawfish/sample1.bc2026--bc2058/sample1.bc2026--bc2058_jointcall/sample1.bc2026--bc2058_jointcall_genotyped.sv.vcf.gz.tbi",
                "sawfish/sample1.bc2026--bc2058/sample1.bc2026--bc2058_jointcall/samples",
                "sawfish/sample1.bc2026--bc2058/sample1.bc2026--bc2058_jointcall/samples/sample0001_Bio Sample 1",
                "sawfish/sample1.bc2026--bc2058/sample1.bc2026--bc2058_jointcall/samples/sample0001_Bio Sample 1/depth.bw",
                "sawfish/sample1.bc2026--bc2058/sample1.bc2026--bc2058_jointcall/sawfish.log",
                "sawfish/sample1.bc2058--bc2058",
                "sawfish/sample1.bc2058--bc2058/sample1.bc2058--bc2058_discovery",
                "sawfish/sample1.bc2058--bc2058/sample1.bc2058--bc2058_discovery/assembly.regions.bed",
                "sawfish/sample1.bc2058--bc2058/sample1.bc2058--bc2058_discovery/candidate.sv.bcf",
                "sawfish/sample1.bc2058--bc2058/sample1.bc2058--bc2058_discovery/candidate.sv.bcf.csi",
                "sawfish/sample1.bc2058--bc2058/sample1.bc2058--bc2058_discovery/contig.alignment.bam",
                "sawfish/sample1.bc2058--bc2058/sample1.bc2058--bc2058_discovery/contig.alignment.bam.csi",
                "sawfish/sample1.bc2058--bc2058/sample1.bc2058--bc2058_discovery/debug.breakpoint_clusters.bed",
                "sawfish/sample1.bc2058--bc2058/sample1.bc2058--bc2058_discovery/debug.cluster.refinement.txt",
                "sawfish/sample1.bc2058--bc2058/sample1.bc2058--bc2058_discovery/depth.mpack",
                "sawfish/sample1.bc2058--bc2058/sample1.bc2058--bc2058_discovery/discover.settings.json",
                "sawfish/sample1.bc2058--bc2058/sample1.bc2058--bc2058_discovery/max.depth.bed",
                "sawfish/sample1.bc2058--bc2058/sample1.bc2058--bc2058_discovery/run.data.json",
                "sawfish/sample1.bc2058--bc2058/sample1.bc2058--bc2058_discovery/run.stats.json",
                "sawfish/sample1.bc2058--bc2058/sample1.bc2058--bc2058_discovery/sawfish.log",
                "sawfish/sample1.bc2058--bc2058/sample1.bc2058--bc2058_jointcall",
                "sawfish/sample1.bc2058--bc2058/sample1.bc2058--bc2058_jointcall/contig.alignment.bam",
                "sawfish/sample1.bc2058--bc2058/sample1.bc2058--bc2058_jointcall/contig.alignment.bam.csi",
                "sawfish/sample1.bc2058--bc2058/sample1.bc2058--bc2058_jointcall/run.stats.json",
                "sawfish/sample1.bc2058--bc2058/sample1.bc2058--bc2058_jointcall/sample1.bc2058--bc2058_jointcall_genotyped.sv.vcf.gz",
                "sawfish/sample1.bc2058--bc2058/sample1.bc2058--bc2058_jointcall/sample1.bc2058--bc2058_jointcall_genotyped.sv.vcf.gz.tbi",
                "sawfish/sample1.bc2058--bc2058/sample1.bc2058--bc2058_jointcall/samples",
                "sawfish/sample1.bc2058--bc2058/sample1.bc2058--bc2058_jointcall/samples/sample0001_Bio Sample 1",
                "sawfish/sample1.bc2058--bc2058/sample1.bc2058--bc2058_jointcall/samples/sample0001_Bio Sample 1/depth.bw",
                "sawfish/sample1.bc2058--bc2058/sample1.bc2058--bc2058_jointcall/sawfish.log"
            ],
            [
                "sample1.bc2026--bc2026.blocks.csv:md5,d41d8cd98f00b204e9800998ecf8427e",
                "sample1.bc2026--bc2026.haplotag.csv:md5,d41d8cd98f00b204e9800998ecf8427e",
                "sample1.bc2026--bc2026.sorted_haplotagged.bam:md5,04326598f1650ac58063fd68339d3e76",
                "sample1.bc2026--bc2026.sorted_haplotagged.bam.bai:md5,0d76977b2e36046cc176112776c5fa4e",
                "sample1.bc2026--bc2026.stats.csv:md5,d204bd90c3698879c2a0ecc30c294003",
                "sample1.bc2026--bc2026.summary.csv:md5,e8b44d8e7a255b406a4687c11a268149",
                "sample1.bc2026--bc2058.blocks.csv:md5,d41d8cd98f00b204e9800998ecf8427e",
                "sample1.bc2026--bc2058.haplotag.csv:md5,d41d8cd98f00b204e9800998ecf8427e",
                "sample1.bc2026--bc2058.sorted_haplotagged.bam:md5,8b92bf781341a4ef1cb88898b0b26ea1",
                "sample1.bc2026--bc2058.sorted_haplotagged.bam.bai:md5,0d76977b2e36046cc176112776c5fa4e",
                "sample1.bc2026--bc2058.stats.csv:md5,d204bd90c3698879c2a0ecc30c294003",
                "sample1.bc2026--bc2058.summary.csv:md5,e8b44d8e7a255b406a4687c11a268149",
                "sample1.bc2058--bc2058.blocks.csv:md5,d41d8cd98f00b204e9800998ecf8427e",
                "sample1.bc2058--bc2058.haplotag.csv:md5,d41d8cd98f00b204e9800998ecf8427e",
                "sample1.bc2058--bc2058.sorted_haplotagged.bam:md5,59857da4910e60d087518aeab35c6691",
                "sample1.bc2058--bc2058.sorted_haplotagged.bam.bai:md5,0d76977b2e36046cc176112776c5fa4e",
                "sample1.bc2058--bc2058.stats.csv:md5,d204bd90c3698879c2a0ecc30c294003",
                "sample1.bc2058--bc2058.summary.csv:md5,e8b44d8e7a255b406a4687c11a268149",
                "sample1.bc2026--bc2026.bam:md5,f1f1872bcb18dc30b5b13e412faf1839",
                "sample1.bc2026--bc2026.bam.pbi:md5,bac9b54d83780dd2c89624d8b028bcc0",
                "sample1.bc2026--bc2058.bam:md5,a0631426e3f157bbd807ad1122ed3ded",
                "sample1.bc2026--bc2058.bam.pbi:md5,39714cd7ed074370cda5b628eac32d97",
                "sample1.bc2058--bc2058.bam:md5,d698c0ede13443db9efe9a969063b4c4",
                "sample1.bc2058--bc2058.bam.pbi:md5,efd4f06764c6a50443d22cd2724ea858",
                "sample1.lima.counts:md5,c9894ff26bd6924a633fe974d0146f81",
                "sample1.lima.report:md5,8c0d326d17ba30e6cb18503ffbb05436",
                "sample1.lima.summary:md5,767ccdf05d95d9dd5789cac4f42e7daf",
                "multiqc_citations.txt:md5,4c806e63a283ec1b7e78cdae3a923d4f",
                "assembly.regions.bed:md5,be1d262cc140f6ee3dd6ecd8d9af26b5",
                "candidate.sv.bcf:md5,04b714c2a0a243d10924f0d45dd2464d",
                "candidate.sv.bcf.csi:md5,825b89ba9c4ca30e9343d1292e527b94",
                "contig.alignment.bam:md5,6ff585be89e35ed143c4f91658f17c9c",
                "contig.alignment.bam.csi:md5,825b89ba9c4ca30e9343d1292e527b94",
                "debug.breakpoint_clusters.bed:md5,be1d262cc140f6ee3dd6ecd8d9af26b5",
                "debug.cluster.refinement.txt:md5,d41d8cd98f00b204e9800998ecf8427e",
                "depth.mpack:md5,3ee073671d8010ab30178e458337f910",
                "discover.settings.json:md5,e0e808ae17d3de02b7fe2de2d41b94d6",
                "max.depth.bed:md5,d41d8cd98f00b204e9800998ecf8427e",
                "run.data.json:md5,c4fe57578e011231bb71e64091ac5dfa",
                "run.stats.json:md5,a58f7742b8368abde12897c8ebc6e30c",
                "contig.alignment.bam:md5,cbe868a26e0b636a3ac740b24c07cd76",
                "contig.alignment.bam.csi:md5,825b89ba9c4ca30e9343d1292e527b94",
                "run.stats.json:md5,69d8bf940d36a763fced34bfc81b90d6",
                "depth.bw:md5,5f0db8dc456e90ad2173c427bf6f26d1",
                "assembly.regions.bed:md5,be1d262cc140f6ee3dd6ecd8d9af26b5",
                "candidate.sv.bcf:md5,4f8925649d9cb9cd2b0e0d4638a95b8c",
                "candidate.sv.bcf.csi:md5,825b89ba9c4ca30e9343d1292e527b94",
                "contig.alignment.bam:md5,976349fd29ccbecf3876ecd6069311c0",
                "contig.alignment.bam.csi:md5,825b89ba9c4ca30e9343d1292e527b94",
                "debug.breakpoint_clusters.bed:md5,be1d262cc140f6ee3dd6ecd8d9af26b5",
                "debug.cluster.refinement.txt:md5,d41d8cd98f00b204e9800998ecf8427e",
                "depth.mpack:md5,3ee073671d8010ab30178e458337f910",
                "discover.settings.json:md5,338c287afc584e29a018dc6c846667a1",
                "max.depth.bed:md5,d41d8cd98f00b204e9800998ecf8427e",
                "run.data.json:md5,c4fe57578e011231bb71e64091ac5dfa",
                "run.stats.json:md5,a58f7742b8368abde12897c8ebc6e30c",
                "contig.alignment.bam:md5,06a2f84a93759feac3836a8dbcc79077",
                "contig.alignment.bam.csi:md5,825b89ba9c4ca30e9343d1292e527b94",
                "run.stats.json:md5,69d8bf940d36a763fced34bfc81b90d6",
                "depth.bw:md5,5f0db8dc456e90ad2173c427bf6f26d1",
                "assembly.regions.bed:md5,be1d262cc140f6ee3dd6ecd8d9af26b5",
                "candidate.sv.bcf:md5,e635cd0ba4aa31bcb35526f854f1b2f9",
                "candidate.sv.bcf.csi:md5,825b89ba9c4ca30e9343d1292e527b94",
                "contig.alignment.bam:md5,0cf20c92f21e42c91693a3ecf5df8145",
                "contig.alignment.bam.csi:md5,825b89ba9c4ca30e9343d1292e527b94",
                "debug.breakpoint_clusters.bed:md5,be1d262cc140f6ee3dd6ecd8d9af26b5",
                "debug.cluster.refinement.txt:md5,d41d8cd98f00b204e9800998ecf8427e",
                "depth.mpack:md5,3ee073671d8010ab30178e458337f910",
                "discover.settings.json:md5,066fb0833f6d82e490c6aff3eb3cc915",
                "max.depth.bed:md5,d41d8cd98f00b204e9800998ecf8427e",
                "run.data.json:md5,c4fe57578e011231bb71e64091ac5dfa",
                "run.stats.json:md5,a58f7742b8368abde12897c8ebc6e30c",
                "contig.alignment.bam:md5,c675d44458b77d314bcc832f7221bdf2",
                "contig.alignment.bam.csi:md5,825b89ba9c4ca30e9343d1292e527b94",
                "run.stats.json:md5,69d8bf940d36a763fced34bfc81b90d6",
                "depth.bw:md5,5f0db8dc456e90ad2173c427bf6f26d1"
            ],
            [
                [
                    "sample1.bc2026--bc2026_sv_phased.vcf.gz",
                    0
                ],
                [
                    "sample1.bc2026--bc2058_sv_phased.vcf.gz",
                    0
                ],
                [
                    "sample1.bc2058--bc2058_sv_phased.vcf.gz",
                    0
                ],
                [
                    "sample1.bc2026--bc2026_jointcall_genotyped.sv.vcf.gz",
                    0
                ],
                [
                    "sample1.bc2026--bc2058_jointcall_genotyped.sv.vcf.gz",
                    0
                ],
                [
                    "sample1.bc2058--bc2058_jointcall_genotyped.sv.vcf.gz",
                    0
                ]
            ]
        ],
        "timestamp": "2026-10-04T09:45:51.677016891",
        "meta": {
            "nf-test": "0.9.5",
            "nextflow": "26.04.6"
        }
    }
}